  main.cpp
D:\Faks\Grafika\3D projekat\Teksture\main.cpp(1102,31): warning C4244: '=': conversion from 'double' to 'float', possible loss of data
D:\Faks\Grafika\3D projekat\Teksture\main.cpp(1314,93): warning C4267: 'argument': conversion from 'size_t' to 'GLsizei', possible loss of data
D:\Faks\Grafika\3D projekat\Teksture\main.cpp(1324,101): warning C4267: 'argument': conversion from 'size_t' to 'GLsizei', possible loss of data
D:\Faks\Grafika\3D projekat\Teksture\main.cpp(1395,36): warning C4018: '<': signed/unsigned mismatch
D:\Faks\Grafika\3D projekat\Teksture\main.cpp(1493,59): warning C4267: 'argument': conversion from 'size_t' to 'GLsizei', possible loss of data
D:\Faks\Grafika\3D projekat\Teksture\main.cpp(1594,47): warning C4305: 'argument': truncation from 'double' to 'float'
D:\Faks\Grafika\3D projekat\Teksture\main.cpp(1594,42): warning C4305: 'argument': truncation from 'double' to 'float'
D:\Faks\Grafika\3D projekat\Teksture\main.cpp(1594,32): warning C4305: 'argument': truncation from 'double' to 'float'
D:\Faks\Grafika\3D projekat\Teksture\main.cpp(1595,47): warning C4305: 'argument': truncation from 'double' to 'float'
D:\Faks\Grafika\3D projekat\Teksture\main.cpp(1744,18): warning C4244: 'initializing': conversion from 'double' to 'float', possible loss of data
D:\Faks\Grafika\3D projekat\Teksture\main.cpp(2006,34): warning C4244: '+=': conversion from 'double' to 'float', possible loss of data
D:\Faks\Grafika\3D projekat\Teksture\main.cpp(2012,34): warning C4244: '-=': conversion from 'double' to 'float', possible loss of data
D:\Faks\Grafika\3D projekat\Teksture\main.cpp(2041,22): warning C4305: '+=': truncation from 'double' to 'float'
D:\Faks\Grafika\3D projekat\Teksture\main.cpp(2241,34): warning C4244: '=': conversion from 'double' to 'float', possible loss of data
D:\Faks\Grafika\3D projekat\Teksture\main.cpp(2704,55): warning C4267: 'argument': conversion from 'size_t' to 'GLsizei', possible loss of data
D:\Faks\Grafika\3D projekat\Teksture\main.cpp(2775,57): warning C4267: 'argument': conversion from 'size_t' to 'GLsizei', possible loss of data
D:\Faks\Grafika\3D projekat\Teksture\main.cpp(2880,55): warning C4267: 'argument': conversion from 'size_t' to 'GLsizei', possible loss of data
D:\Faks\Grafika\3D projekat\Teksture\main.cpp(2952,56): warning C4267: 'argument': conversion from 'size_t' to 'GLsizei', possible loss of data
D:\Faks\Grafika\3D projekat\Teksture\main.cpp(2998,57): warning C4267: 'argument': conversion from 'size_t' to 'GLsizei', possible loss of data
D:\Faks\Grafika\3D projekat\Teksture\main.cpp(3076,32): warning C4018: '<': signed/unsigned mismatch
D:\Faks\Grafika\3D projekat\Teksture\main.cpp(3103,61): warning C4267: 'argument': conversion from 'size_t' to 'GLsizei', possible loss of data
D:\Faks\Grafika\3D projekat\Teksture\main.cpp(3153,57): warning C4267: 'argument': conversion from 'size_t' to 'GLsizei', possible loss of data
D:\Faks\Grafika\3D projekat\Teksture\main.cpp(3244,57): warning C4267: 'argument': conversion from 'size_t' to 'GLsizei', possible loss of data
D:\Faks\Grafika\3D projekat\Teksture\main.cpp(3374,55): warning C4244: '=': conversion from 'double' to 'float', possible loss of data
D:\Faks\Grafika\3D projekat\Teksture\main.cpp(3397,62): warning C4244: '+=': conversion from 'double' to 'T', possible loss of data
D:\Faks\Grafika\3D projekat\Teksture\main.cpp(3397,62): warning C4244:         with
D:\Faks\Grafika\3D projekat\Teksture\main.cpp(3397,62): warning C4244:         [
D:\Faks\Grafika\3D projekat\Teksture\main.cpp(3397,62): warning C4244:             T=float
D:\Faks\Grafika\3D projekat\Teksture\main.cpp(3397,62): warning C4244:         ]
D:\Faks\Grafika\3D projekat\Teksture\main.cpp(3459,60): warning C4244: '=': conversion from 'double' to 'float', possible loss of data
D:\Faks\Grafika\3D projekat\Teksture\main.cpp(3545,68): warning C4267: 'argument': conversion from 'size_t' to 'GLsizei', possible loss of data
D:\Faks\Grafika\3D projekat\Teksture\main.cpp(3735,20): warning C4244: 'return': conversion from 'double' to 'float', possible loss of data
D:\Faks\Grafika\3D projekat\Teksture\main.cpp(3719,1): warning C4715: 'findShakeAngle': not all control paths return a value
  Sablon.vcxproj -> D:\Faks\Grafika\3D projekat\Teksture\x64\Debug\Sablon.exe
